Microchip MPLAB XC8 Compiler V2.05 ()

Linker command line:

-W-3 --edf=/opt/microchip/xc8/v2.05/pic/dat/en_msgs.txt -cs \
  -h+dist/default/production/TissueTablet.X.production.sym \
  --cmf=dist/default/production/TissueTablet.X.production.cmf -z -Q16F1709 \
  -o/tmp/xcXCq1jQP --defsym=__MPLAB_BUILD=1 \
  -Mdist/default/production/TissueTablet.X.production.map -E1 -ver=XC8 \
  --acfsm=1493 -ASTACK=02024h-023EFh -pstack=STACK -ACODE=00h-07FFhx4 \
  -ASTRCODE=00h-01FFFh -ASTRING=00h-0FFhx32 -ACONST=00h-0FFhx32 \
  -AENTRY=00h-0FFhx32 -ACOMMON=070h-07Fh -ABANK0=020h-06Fh \
  -ABANK1=0A0h-0EFh -ABANK2=0120h-016Fh -ABANK3=01A0h-01EFh \
  -ABANK4=0220h-026Fh -ABANK5=02A0h-02EFh -ABANK6=0320h-036Fh \
  -ABANK7=03A0h-03EFh -ABANK8=0420h-046Fh -ABANK9=04A0h-04EFh \
  -ABANK10=0520h-056Fh -ABANK11=05A0h-05EFh -ABANK12=0620h-064Fh \
  -ABIGRAM=02000h-023EFh \
  -ARAM=020h-06Fh,0A0h-0EFh,0120h-016Fh,01A0h-01EFh,0220h-026Fh,02A0h-02EFh,0320h-036Fh,03A0h-03EFh,0420h-046Fh,04A0h-04EFh,0520h-056Fh,05A0h-05EFh,0620h-064Fh \
  -AABS1=020h-07Fh,0A0h-0EFh,0120h-016Fh,01A0h-01EFh,0220h-026Fh,02A0h-02EFh,0320h-036Fh,03A0h-03EFh,0420h-046Fh,04A0h-04EFh,0520h-056Fh,05A0h-05EFh,0620h-064Fh \
  -ASFR0=00h-01Fh -ASFR1=080h-09Fh -ASFR2=0100h-011Fh -ASFR3=0180h-019Fh \
  -ASFR4=0200h-021Fh -ASFR5=0280h-029Fh -ASFR6=0300h-031Fh \
  -ASFR7=0380h-039Fh -ASFR8=0400h-041Fh -ASFR9=0480h-049Fh \
  -ASFR10=0500h-051Fh -ASFR11=0580h-059Fh -ASFR12=0600h-061Fh \
  -ASFR13=0680h-06EFh -ASFR14=0700h-076Fh -ASFR15=0780h-07EFh \
  -ASFR16=0800h-086Fh -ASFR17=0880h-08EFh -ASFR18=0900h-096Fh \
  -ASFR19=0980h-09EFh -ASFR20=0A00h-0A6Fh -ASFR21=0A80h-0AEFh \
  -ASFR22=0B00h-0B6Fh -ASFR23=0B80h-0BEFh -ASFR24=0C00h-0C6Fh \
  -ASFR25=0C80h-0CEFh -ASFR26=0D00h-0D6Fh -ASFR27=0D80h-0DEFh \
  -ASFR28=0E00h-0E6Fh -ASFR29=0E80h-0EEFh -ASFR30=0F00h-0F6Fh \
  -ASFR31=0F80h-0FEFh -preset_vec=00h,intentry,init,end_init -ppowerup=CODE \
  -pcinit=CODE -pfunctab=ENTRY -ACONFIG=08007h-08008h -pconfig=CONFIG \
  -DCONFIG=2 -AIDLOC=08000h-08003h -pidloc=IDLOC -DIDLOC=2 -DCODE=2 \
  -DSTRCODE=2 -DSTRING=2 -DCONST=2 -DENTRY=2 -k /tmp/xcXXyM9WD.o \
  dist/default/production/TissueTablet.X.production.o 

Object code version is 3.11

Machine type is 16F1709



                Name                               Link     Load   Length Selector   Space Scale
/tmp/xcXXyM9WD.o
                end_init                              2        2        2        0       0
                reset_vec                             0        0        2        0       0
                config                             8007     8007        2    1000E       0
dist/default/production/TissueTablet.X.production.o
                cinit                               7F2      7F2        E      FE4       0
                text13                              69B      69B       19      D36       0
                text12                              66D      66D        B      CDA       0
                text11                              678      678        B      CF0       0
                text10                              65C      65C        8      CB8       0
                text9                               647      647        7      C8E       0
                text8                               64E      64E        7      C9C       0
                text7                               63B      63B        6      C76       0
                text6                               6E8      6E8       44      DD0       0
                text5                               664      664        9      CC8       0
                text4                               637      637        4      C6E       0
                text3                               683      683       18      D06       0
                text2                               6B4      6B4       34      D68       0
                text1                               655      655        7      CAA       0
                maintext                            72C      72C       C6      E58       0
                cstackCOMMON                         70       70        A       70       1
                clrtext                             641      641        6      C82       0
                bssBANK0                             34       34       10       20       1
                bssCOMMON                            7A       7A        4       70       1
                nvBANK0                              20       20       14       20       1

TOTAL           Name                               Link     Load   Length     Space
        CLASS   STACK          

        CLASS   CODE           
                end_init                              2        2        2         0
                cinit                               7F2      7F2        E         0
                reset_vec                             0        0        2         0
                text13                              69B      69B       19         0
                text12                              66D      66D        B         0
                text11                              678      678        B         0
                text10                              65C      65C        8         0
                text9                               647      647        7         0
                text8                               64E      64E        7         0
                text7                               63B      63B        6         0
                text6                               6E8      6E8       44         0
                text5                               664      664        9         0
                text4                               637      637        4         0
                text3                               683      683       18         0
                text2                               6B4      6B4       34         0
                text1                               655      655        7         0
                maintext                            72C      72C       C6         0
                clrtext                             641      641        6         0

        CLASS   STRCODE        

        CLASS   STRING         

        CLASS   CONST          

        CLASS   ENTRY          

        CLASS   COMMON         
                cstackCOMMON                         70       70        A         1
                bssCOMMON                            7A       7A        4         1

        CLASS   BANK0          
                bssBANK0                             34       34       10         1
                nvBANK0                              20       20       14         1

        CLASS   BANK1          

        CLASS   BANK2          

        CLASS   BANK3          

        CLASS   BANK4          

        CLASS   BANK5          

        CLASS   BANK6          

        CLASS   BANK7          

        CLASS   BANK8          

        CLASS   BANK9          

        CLASS   BANK10         

        CLASS   BANK11         

        CLASS   BANK12         

        CLASS   BIGRAM         

        CLASS   RAM            

        CLASS   ABS1           
                abs_s1                               7E       7E        2         1

        CLASS   SFR0           

        CLASS   SFR1           

        CLASS   SFR2           

        CLASS   SFR3           

        CLASS   SFR4           

        CLASS   SFR5           

        CLASS   SFR6           

        CLASS   SFR7           

        CLASS   SFR8           

        CLASS   SFR9           

        CLASS   SFR10          

        CLASS   SFR11          

        CLASS   SFR12          

        CLASS   SFR13          

        CLASS   SFR14          

        CLASS   SFR15          

        CLASS   SFR16          

        CLASS   SFR17          

        CLASS   SFR18          

        CLASS   SFR19          

        CLASS   SFR20          

        CLASS   SFR21          

        CLASS   SFR22          

        CLASS   SFR23          

        CLASS   SFR24          

        CLASS   SFR25          

        CLASS   SFR26          

        CLASS   SFR27          

        CLASS   SFR28          

        CLASS   SFR29          

        CLASS   SFR30          

        CLASS   SFR31          

        CLASS   CONFIG         
                config                             8007     8007        2         0

        CLASS   IDLOC          

        CLASS   BANK31         

        CLASS   BANK30         

        CLASS   BANK29         

        CLASS   BANK28         

        CLASS   BANK27         

        CLASS   BANK26         

        CLASS   BANK25         

        CLASS   BANK24         

        CLASS   BANK23         

        CLASS   BANK22         

        CLASS   BANK21         

        CLASS   BANK20         

        CLASS   BANK19         

        CLASS   BANK18         

        CLASS   BANK17         

        CLASS   BANK16         

        CLASS   BANK15         

        CLASS   BANK14         

        CLASS   BANK13         

        CLASS   EEDATA         



SEGMENTS        Name                           Load    Length   Top    Selector   Space  Class     Delta

                reset_vec                      000000  000004  000004         0       0  CODE        2
                nvBANK0                        000020  000024  000044        20       1  BANK0       1
                cstackCOMMON                   000070  00000E  00007E        70       1  COMMON      1
                text4                          000637  000004  00063B       C6E       0  CODE        2
                text7                          00063B  000006  000641       C76       0  CODE        2
                clrtext                        000641  000006  000647       C82       0  CODE        2
                text9                          000647  000007  00064E       C8E       0  CODE        2
                text8                          00064E  000007  000655       C9C       0  CODE        2
                text1                          000655  000007  00065C       CAA       0  CODE        2
                text10                         00065C  000008  000664       CB8       0  CODE        2
                text5                          000664  000009  00066D       CC8       0  CODE        2
                text12                         00066D  00000B  000678       CDA       0  CODE        2
                text11                         000678  00000B  000683       CF0       0  CODE        2
                text3                          000683  000018  00069B       D06       0  CODE        2
                text13                         00069B  000019  0006B4       D36       0  CODE        2
                text2                          0006B4  000034  0006E8       D68       0  CODE        2
                text6                          0006E8  000044  00072C       DD0       0  CODE        2
                maintext                       00072C  0000C6  0007F2       E58       0  CODE        2
                cinit                          0007F2  00000E  000800       FE4       0  CODE        2
                config                         008007  000002  008009     1000E       0  CONFIG      2


UNUSED ADDRESS RANGES

        Name                Unused          Largest block    Delta
        BANK0            00044-0006F              2C           1
        BANK1            000A0-000EF              50           1
        BANK10           00520-0056F              50           1
        BANK11           005A0-005EF              50           1
        BANK12           00620-0064F              30           1
        BANK2            00120-0016F              50           1
        BANK3            001A0-001EF              50           1
        BANK4            00220-0026F              50           1
        BANK5            002A0-002EF              50           1
        BANK6            00320-0036F              50           1
        BANK7            003A0-003EF              50           1
        BANK8            00420-0046F              50           1
        BANK9            004A0-004EF              50           1
        BIGRAM           02000-023EF             3F0           1
        CODE             00004-00636             633           2
                         00800-01FFF             800
        CONST            00004-00636             100           2
                         00800-01FFF             100
        ENTRY            00004-00636             100           2
                         00800-01FFF             100
        IDLOC            08000-08003               4           2
        RAM              00044-0006F              2C           1
                         000A0-000EF              50
                         00120-0016F              50
                         001A0-001EF              50
                         00220-0026F              50
                         002A0-002EF              50
                         00320-0036F              50
                         003A0-003EF              50
                         00420-0046F              50
                         004A0-004EF              50
                         00520-0056F              50
                         005A0-005EF              50
                         00620-0064F              30
        SFR0             00000-0001F              20           1
        SFR1             00080-0009F              20           1
        SFR10            00500-0051F              20           1
        SFR11            00580-0059F              20           1
        SFR12            00600-0061F              20           1
        SFR13            00680-006EF              70           1
        SFR14            00700-0076F              70           1
        SFR15            00780-007EF              70           1
        SFR16            00800-0086F              70           1
        SFR17            00880-008EF              70           1
        SFR18            00900-0096F              70           1
        SFR19            00980-009EF              70           1
        SFR2             00100-0011F              20           1
        SFR20            00A00-00A6F              70           1
        SFR21            00A80-00AEF              70           1
        SFR22            00B00-00B6F              70           1
        SFR23            00B80-00BEF              70           1
        SFR24            00C00-00C6F              70           1
        SFR25            00C80-00CEF              70           1
        SFR26            00D00-00D6F              70           1
        SFR27            00D80-00DEF              70           1
        SFR28            00E00-00E6F              70           1
        SFR29            00E80-00EEF              70           1
        SFR3             00180-0019F              20           1
        SFR30            00F00-00F6F              70           1
        SFR31            00F80-00FEF              70           1
        SFR4             00200-0021F              20           1
        SFR5             00280-0029F              20           1
        SFR6             00300-0031F              20           1
        SFR7             00380-0039F              20           1
        SFR8             00400-0041F              20           1
        SFR9             00480-0049F              20           1
        STACK            02024-023EF             3CC           1
        STRCODE          00004-00636             633           2
                         00800-01FFF            1800
        STRING           00004-00636             100           2
                         00800-01FFF             100

                                  Symbol Table

?_ADC_GetConversion                      cstackCOMMON 00070
?___lwdiv                                cstackCOMMON 00070
ADC_GetConversion@channel                cstackCOMMON 00073
INT_SetInterruptHandler@InterruptHandler cstackCOMMON 00072
PIN_MANAGER_Initialize@state             cstackCOMMON 00070
_ADCON0                                  (abs)        0009D
_ADCON0bits                              (abs)        0009D
_ADCON1                                  (abs)        0009E
_ADCON1bits                              (abs)        0009E
_ADCON2                                  (abs)        0009F
_ADC_GetConversion                       text13       0069B
_ADC_Initialize                          text12       0066D
_ADRESH                                  (abs)        0009C
_ADRESL                                  (abs)        0009B
_AD_GET                                  bssBANK0     00042
_ADm1                                    nvBANK0      00032
_ADm2                                    nvBANK0      00030
_ADm3                                    nvBANK0      0002E
_ADm4                                    nvBANK0      0002C
_ADm5                                    nvBANK0      0002A
_ADm6                                    nvBANK0      00028
_ADm7                                    nvBANK0      00026
_ADm8                                    nvBANK0      00024
_ADm9                                    nvBANK0      00022
_ADmedia                                 bssBANK0     00034
_ANSELA                                  (abs)        0018C
_ANSELB                                  (abs)        0018D
_ANSELC                                  (abs)        0018E
_BLINK_LED                               bssBANK0     0003F
_EXT_INT_Initialize                      text10       0065C
_GIE                                     (abs)        0005F
_INIT_OK                                 bssCOMMON    0007D
_INTCONbits                              (abs)        0000B
_INTPPSbits                              (abs)        00E10
_INT_DefaultInterruptHandler             (abs)        00000
_INT_InterruptHandler                    nvBANK0      00020
_INT_SetInterruptHandler                 text11       00678
_LATA                                    (abs)        0010C
_LATA5                                   (abs)        00865
_LATB                                    (abs)        0010D
_LATB6                                   (abs)        0086E
_LATB7                                   (abs)        0086F
_LATC                                    (abs)        0010E
_LATC4                                   (abs)        00874
_LATC5                                   (abs)        00875
_LOW_BATTERY                             bssBANK0     0003E
_MOTOR_ON                                bssBANK0     00041
_ODCONA                                  (abs)        0028C
_ODCONB                                  (abs)        0028D
_ODCONC                                  (abs)        0028E
_OPA1CONbits                             (abs)        00511
_OPA1_Initialize                         text9        00647
_OPA2CONbits                             (abs)        00515
_OPA2_Initialize                         text8        0064E
_OPTION_REGbits                          (abs)        00095
_OSCCON                                  (abs)        00099
_OSCILLATOR_Initialize                   text7        0063B
_OSCSTAT                                 (abs)        0009A
_OSCTUNE                                 (abs)        00098
_PIE1bits                                (abs)        00091
_PIN_MANAGER_Initialize                  text6        006E8
_PIR1bits                                (abs)        00011
_PMADRH                                  (abs)        00192
_PMADRL                                  (abs)        00191
_PMCON1bits                              (abs)        00195
_PMCON2                                  (abs)        00196
_PMDATH                                  (abs)        00194
_PMDATL                                  (abs)        00193
_PPSLOCK                                 (abs)        00E0F
_PPSLOCKbits                             (abs)        00E0F
_SYSTEM_Initialize                       text3        00683
_TIMER0_INT_Initialize                   text5        00664
_TRISA                                   (abs)        0008C
_TRISB                                   (abs)        0008D
_TRISC                                   (abs)        0008E
_WDTCON                                  (abs)        00097
_WDT_Initialize                          text4        00637
_WPUA0                                   (abs)        01060
_WPUA1                                   (abs)        01061
_WPUA2                                   (abs)        01062
_WPUA3                                   (abs)        01063
_WPUB4                                   (abs)        0106C
_WPUB5                                   (abs)        0106D
_WPUB6                                   (abs)        0106E
_WPUB7                                   (abs)        0106F
_WPUC0                                   (abs)        01070
_WPUC1                                   (abs)        01071
_WPUC2                                   (abs)        01072
_WPUC3                                   (abs)        01073
_WPUC4                                   (abs)        01074
_WPUC5                                   (abs)        01075
_WPUC6                                   (abs)        01076
_WPUC7                                   (abs)        01077
__CFG_BOREN$ON                           (abs)        00000
__CFG_BORV$LO                            (abs)        00000
__CFG_CLKOUTEN$OFF                       (abs)        00000
__CFG_CP$OFF                             (abs)        00000
__CFG_FCMEN$ON                           (abs)        00000
__CFG_FOSC$INTOSC                        (abs)        00000
__CFG_IESO$ON                            (abs)        00000
__CFG_LPBOR$OFF                          (abs)        00000
__CFG_LVP$OFF                            (abs)        00000
__CFG_MCLRE$ON                           (abs)        00000
__CFG_PLLEN$OFF                          (abs)        00000
__CFG_PPS1WAY$ON                         (abs)        00000
__CFG_PWRTE$OFF                          (abs)        00000
__CFG_STVREN$ON                          (abs)        00000
__CFG_WDTE$OFF                           (abs)        00000
__CFG_WRT$OFF                            (abs)        00000
__CFG_ZCDDIS$ON                          (abs)        00000
__Habs1                                  abs1         00000
__Hbank0                                 bank0        00000
__Hbank1                                 bank1        00000
__Hbank10                                bank10       00000
__Hbank11                                bank11       00000
__Hbank12                                bank12       00000
__Hbank13                                bank13       00000
__Hbank14                                bank14       00000
__Hbank15                                bank15       00000
__Hbank16                                bank16       00000
__Hbank17                                bank17       00000
__Hbank18                                bank18       00000
__Hbank19                                bank19       00000
__Hbank2                                 bank2        00000
__Hbank20                                bank20       00000
__Hbank21                                bank21       00000
__Hbank22                                bank22       00000
__Hbank23                                bank23       00000
__Hbank24                                bank24       00000
__Hbank25                                bank25       00000
__Hbank26                                bank26       00000
__Hbank27                                bank27       00000
__Hbank28                                bank28       00000
__Hbank29                                bank29       00000
__Hbank3                                 bank3        00000
__Hbank30                                bank30       00000
__Hbank31                                bank31       00000
__Hbank4                                 bank4        00000
__Hbank5                                 bank5        00000
__Hbank6                                 bank6        00000
__Hbank7                                 bank7        00000
__Hbank8                                 bank8        00000
__Hbank9                                 bank9        00000
__Hbigram                                bigram       00000
__HbssBANK0                              bssBANK0     00000
__HbssCOMMON                             bssCOMMON    00000
__Hcinit                                 cinit        00800
__Hclrtext                               clrtext      00000
__Hcode                                  code         00000
__Hcommon                                common       00000
__Hconfig                                config       08009
__HcstackCOMMON                          cstackCOMMON 00000
__Heeprom_data                           eeprom_data  00000
__Hend_init                              end_init     00004
__Hfunctab                               functab      00000
__Hidloc                                 idloc        00000
__Hinit                                  init         00002
__Hintentry                              intentry     00002
__Hmaintext                              maintext     00000
__HnvBANK0                               nvBANK0      00000
__Hpowerup                               powerup      00000
__Hram                                   ram          00000
__Hreset_vec                             reset_vec    00002
__Hsfr0                                  sfr0         00000
__Hsfr1                                  sfr1         00000
__Hsfr10                                 sfr10        00000
__Hsfr11                                 sfr11        00000
__Hsfr12                                 sfr12        00000
__Hsfr13                                 sfr13        00000
__Hsfr14                                 sfr14        00000
__Hsfr15                                 sfr15        00000
__Hsfr16                                 sfr16        00000
__Hsfr17                                 sfr17        00000
__Hsfr18                                 sfr18        00000
__Hsfr19                                 sfr19        00000
__Hsfr2                                  sfr2         00000
__Hsfr20                                 sfr20        00000
__Hsfr21                                 sfr21        00000
__Hsfr22                                 sfr22        00000
__Hsfr23                                 sfr23        00000
__Hsfr24                                 sfr24        00000
__Hsfr25                                 sfr25        00000
__Hsfr26                                 sfr26        00000
__Hsfr27                                 sfr27        00000
__Hsfr28                                 sfr28        00000
__Hsfr29                                 sfr29        00000
__Hsfr3                                  sfr3         00000
__Hsfr30                                 sfr30        00000
__Hsfr31                                 sfr31        00000
__Hsfr4                                  sfr4         00000
__Hsfr5                                  sfr5         00000
__Hsfr6                                  sfr6         00000
__Hsfr7                                  sfr7         00000
__Hsfr8                                  sfr8         00000
__Hsfr9                                  sfr9         00000
__Hspace_0                               (abs)        08009
__Hspace_1                               (abs)        0007E
__Hspace_2                               (abs)        00000
__Hspace_3                               (abs)        00000
__Hstack                                 stack        00000
__Hstrings                               strings      00000
__Htext                                  text         00000
__Labs1                                  abs1         00000
__Lbank0                                 bank0        00000
__Lbank1                                 bank1        00000
__Lbank10                                bank10       00000
__Lbank11                                bank11       00000
__Lbank12                                bank12       00000
__Lbank13                                bank13       00000
__Lbank14                                bank14       00000
__Lbank15                                bank15       00000
__Lbank16                                bank16       00000
__Lbank17                                bank17       00000
__Lbank18                                bank18       00000
__Lbank19                                bank19       00000
__Lbank2                                 bank2        00000
__Lbank20                                bank20       00000
__Lbank21                                bank21       00000
__Lbank22                                bank22       00000
__Lbank23                                bank23       00000
__Lbank24                                bank24       00000
__Lbank25                                bank25       00000
__Lbank26                                bank26       00000
__Lbank27                                bank27       00000
__Lbank28                                bank28       00000
__Lbank29                                bank29       00000
__Lbank3                                 bank3        00000
__Lbank30                                bank30       00000
__Lbank31                                bank31       00000
__Lbank4                                 bank4        00000
__Lbank5                                 bank5        00000
__Lbank6                                 bank6        00000
__Lbank7                                 bank7        00000
__Lbank8                                 bank8        00000
__Lbank9                                 bank9        00000
__Lbigram                                bigram       00000
__LbssBANK0                              bssBANK0     00000
__LbssCOMMON                             bssCOMMON    00000
__Lcinit                                 cinit        007F2
__Lclrtext                               clrtext      00000
__Lcode                                  code         00000
__Lcommon                                common       00000
__Lconfig                                config       08007
__LcstackCOMMON                          cstackCOMMON 00000
__Leeprom_data                           eeprom_data  00000
__Lend_init                              end_init     00002
__Lfunctab                               functab      00000
__Lidloc                                 idloc        00000
__Linit                                  init         00002
__Lintentry                              intentry     00002
__Lmaintext                              maintext     00000
__LnvBANK0                               nvBANK0      00000
__Lpowerup                               powerup      00000
__Lram                                   ram          00000
__Lreset_vec                             reset_vec    00000
__Lsfr0                                  sfr0         00000
__Lsfr1                                  sfr1         00000
__Lsfr10                                 sfr10        00000
__Lsfr11                                 sfr11        00000
__Lsfr12                                 sfr12        00000
__Lsfr13                                 sfr13        00000
__Lsfr14                                 sfr14        00000
__Lsfr15                                 sfr15        00000
__Lsfr16                                 sfr16        00000
__Lsfr17                                 sfr17        00000
__Lsfr18                                 sfr18        00000
__Lsfr19                                 sfr19        00000
__Lsfr2                                  sfr2         00000
__Lsfr20                                 sfr20        00000
__Lsfr21                                 sfr21        00000
__Lsfr22                                 sfr22        00000
__Lsfr23                                 sfr23        00000
__Lsfr24                                 sfr24        00000
__Lsfr25                                 sfr25        00000
__Lsfr26                                 sfr26        00000
__Lsfr27                                 sfr27        00000
__Lsfr28                                 sfr28        00000
__Lsfr29                                 sfr29        00000
__Lsfr3                                  sfr3         00000
__Lsfr30                                 sfr30        00000
__Lsfr31                                 sfr31        00000
__Lsfr4                                  sfr4         00000
__Lsfr5                                  sfr5         00000
__Lsfr6                                  sfr6         00000
__Lsfr7                                  sfr7         00000
__Lsfr8                                  sfr8         00000
__Lsfr9                                  sfr9         00000
__Lspace_0                               (abs)        00000
__Lspace_1                               (abs)        00000
__Lspace_2                               (abs)        00000
__Lspace_3                               (abs)        00000
__Lstack                                 stack        00000
__Lstrings                               strings      00000
__Ltext                                  text         00000
__S0                                     (abs)        08009
__S1                                     (abs)        0007E
__S2                                     (abs)        00000
___int_sp                                stack        00000
___latbits                               (abs)        00002
___lwdiv                                 text2        006B4
___lwdiv@counter                         cstackCOMMON 00077
___lwdiv@dividend                        cstackCOMMON 00072
___lwdiv@divisor                         cstackCOMMON 00070
___lwdiv@quotient                        cstackCOMMON 00075
___sp                                    stack        00000
___stackhi                               (abs)        023EF
___stacklo                               (abs)        02024
__end_of_ADC_GetConversion               text13       006B4
__end_of_ADC_Initialize                  text12       00678
__end_of_EXT_INT_Initialize              text10       00664
__end_of_INT_SetInterruptHandler         text11       00683
__end_of_OPA1_Initialize                 text9        0064E
__end_of_OPA2_Initialize                 text8        00655
__end_of_OSCILLATOR_Initialize           text7        00641
__end_of_PIN_MANAGER_Initialize          text6        0072C
__end_of_SYSTEM_Initialize               text3        0069B
__end_of_TIMER0_INT_Initialize           text5        0066D
__end_of_WDT_Initialize                  text4        0063B
__end_of___lwdiv                         text2        006E8
__end_of__initialization                 cinit        007FD
__end_of_main                            maintext     007F2
__end_of_pinInit                         text1        0065C
__initialization                         cinit        007F2
__pbssBANK0                              bssBANK0     00034
__pbssCOMMON                             bssCOMMON    0007A
__pcstackCOMMON                          cstackCOMMON 00070
__pmaintext                              maintext     0072C
__pnvBANK0                               nvBANK0      00020
__ptext1                                 text1        00655
__ptext10                                text10       0065C
__ptext11                                text11       00678
__ptext12                                text12       0066D
__ptext13                                text13       0069B
__ptext2                                 text2        006B4
__ptext3                                 text3        00683
__ptext4                                 text4        00637
__ptext5                                 text5        00664
__ptext6                                 text6        006E8
__ptext7                                 text7        0063B
__ptext8                                 text8        0064E
__ptext9                                 text9        00647
__size_of_ADC_GetConversion              (abs)        00000
__size_of_ADC_Initialize                 (abs)        00000
__size_of_EXT_INT_Initialize             (abs)        00000
__size_of_INT_SetInterruptHandler        (abs)        00000
__size_of_OPA1_Initialize                (abs)        00000
__size_of_OPA2_Initialize                (abs)        00000
__size_of_OSCILLATOR_Initialize          (abs)        00000
__size_of_PIN_MANAGER_Initialize         (abs)        00000
__size_of_SYSTEM_Initialize              (abs)        00000
__size_of_TIMER0_INT_Initialize          (abs)        00000
__size_of_WDT_Initialize                 (abs)        00000
__size_of___lwdiv                        (abs)        00000
__size_of_main                           (abs)        00000
__size_of_pinInit                        (abs)        00000
_adChanell                               bssCOMMON    0007C
_count100ms                              bssBANK0     00038
_delay20s                                bssBANK0     0003D
_main                                    maintext     0072C
_mediaMax                                bssBANK0     00036
_motorOnCount                            bssBANK0     00043
_pinInit                                 text1        00655
_resultadoAD                             bssCOMMON    0007A
_timer0counter                           bssBANK0     0003A
_warmupCounter                           bssBANK0     0003C
btemp                                    (abs)        0007E
clear_ram0                               clrtext      00641
end_of_initialization                    cinit        007FD
intlevel0                                functab      00000
intlevel1                                functab      00000
intlevel2                                functab      00000
intlevel3                                functab      00000
intlevel4                                functab      00000
intlevel5                                functab      00000
reset_vec                                reset_vec    00000
start                                    init         00002
start_initialization                     cinit        007F2
wtemp0                                   (abs)        0007E


FUNCTION INFORMATION:

 *************** function _main *****************
 Defined at:
		line 63 in file "main.c"
 Parameters:    Size  Location     Type
		None
 Auto vars:     Size  Location     Type
		None
 Return value:  Size  Location     Type
                  1    wreg      void 
 Registers used:
		wreg, status,2, status,0, pclath, cstack
 Tracked objects:
		On entry : 
		On exit  : 
		Unchanged: 
 Data sizes:     COMMON   BANK0   BANK1   BANK2   BANK3   BANK4   BANK5   BANK6   BANK7   BANK8   BANK9  BANK10  BANK11  BANK12
      Params:         0       0       0       0       0       0       0       0       0       0       0       0       0       0
      Locals:         0       0       0       0       0       0       0       0       0       0       0       0       0       0
      Temps:          2       0       0       0       0       0       0       0       0       0       0       0       0       0
      Totals:         2       0       0       0       0       0       0       0       0       0       0       0       0       0
Total ram usage:        2 bytes
 Hardware stack levels required when called:    3
 This function calls:
		_ADC_GetConversion
		_SYSTEM_Initialize
		___lwdiv
		_pinInit
 This function is called by:
		Startup code after reset
 This function uses a non-reentrant model


 *************** function _pinInit *****************
 Defined at:
		line 157 in file "main.c"
 Parameters:    Size  Location     Type
		None
 Auto vars:     Size  Location     Type
		None
 Return value:  Size  Location     Type
                  1    wreg      void 
 Registers used:
		None
 Tracked objects:
		On entry : 
		On exit  : 
		Unchanged: 
 Data sizes:     COMMON   BANK0   BANK1   BANK2   BANK3   BANK4   BANK5   BANK6   BANK7   BANK8   BANK9  BANK10  BANK11  BANK12
      Params:         0       0       0       0       0       0       0       0       0       0       0       0       0       0
      Locals:         0       0       0       0       0       0       0       0       0       0       0       0       0       0
      Temps:          0       0       0       0       0       0       0       0       0       0       0       0       0       0
      Totals:         0       0       0       0       0       0       0       0       0       0       0       0       0       0
Total ram usage:        0 bytes
 Hardware stack levels used:    1
 This function calls:
		Nothing
 This function is called by:
		_main
 This function uses a non-reentrant model


 *************** function ___lwdiv *****************
 Defined at:
		line 5 in file "/opt/microchip/xc8/v2.05/pic/sources/c99/common/lwdiv.c"
 Parameters:    Size  Location     Type
  divisor         2    0[COMMON] unsigned int 
  dividend        2    2[COMMON] unsigned int 
 Auto vars:     Size  Location     Type
  quotient        2    5[COMMON] unsigned int 
  counter         1    7[COMMON] unsigned char 
 Return value:  Size  Location     Type
                  2    0[COMMON] unsigned int 
 Registers used:
		wreg, status,2, status,0
 Tracked objects:
		On entry : 
		On exit  : 
		Unchanged: 
 Data sizes:     COMMON   BANK0   BANK1   BANK2   BANK3   BANK4   BANK5   BANK6   BANK7   BANK8   BANK9  BANK10  BANK11  BANK12
      Params:         4       0       0       0       0       0       0       0       0       0       0       0       0       0
      Locals:         3       0       0       0       0       0       0       0       0       0       0       0       0       0
      Temps:          1       0       0       0       0       0       0       0       0       0       0       0       0       0
      Totals:         8       0       0       0       0       0       0       0       0       0       0       0       0       0
Total ram usage:        8 bytes
 Hardware stack levels used:    1
 This function calls:
		Nothing
 This function is called by:
		_main
 This function uses a non-reentrant model


 *************** function _SYSTEM_Initialize *****************
 Defined at:
		line 72 in file "mcc_generated_files/mcc.c"
 Parameters:    Size  Location     Type
		None
 Auto vars:     Size  Location     Type
		None
 Return value:  Size  Location     Type
                  1    wreg      void 
 Registers used:
		wreg, status,2, status,0, pclath, cstack
 Tracked objects:
		On entry : 
		On exit  : 
		Unchanged: 
 Data sizes:     COMMON   BANK0   BANK1   BANK2   BANK3   BANK4   BANK5   BANK6   BANK7   BANK8   BANK9  BANK10  BANK11  BANK12
      Params:         0       0       0       0       0       0       0       0       0       0       0       0       0       0
      Locals:         0       0       0       0       0       0       0       0       0       0       0       0       0       0
      Temps:          0       0       0       0       0       0       0       0       0       0       0       0       0       0
      Totals:         0       0       0       0       0       0       0       0       0       0       0       0       0       0
Total ram usage:        0 bytes
 Hardware stack levels used:    1
 Hardware stack levels required when called:    2
 This function calls:
		_ADC_Initialize
		_EXT_INT_Initialize
		_OPA1_Initialize
		_OPA2_Initialize
		_OSCILLATOR_Initialize
		_PIN_MANAGER_Initialize
		_TIMER0_INT_Initialize
		_WDT_Initialize
 This function is called by:
		_main
 This function uses a non-reentrant model


 *************** function _WDT_Initialize *****************
 Defined at:
		line 107 in file "mcc_generated_files/mcc.c"
 Parameters:    Size  Location     Type
		None
 Auto vars:     Size  Location     Type
		None
 Return value:  Size  Location     Type
                  1    wreg      void 
 Registers used:
		wreg
 Tracked objects:
		On entry : 
		On exit  : 
		Unchanged: 
 Data sizes:     COMMON   BANK0   BANK1   BANK2   BANK3   BANK4   BANK5   BANK6   BANK7   BANK8   BANK9  BANK10  BANK11  BANK12
      Params:         0       0       0       0       0       0       0       0       0       0       0       0       0       0
      Locals:         0       0       0       0       0       0       0       0       0       0       0       0       0       0
      Temps:          0       0       0       0       0       0       0       0       0       0       0       0       0       0
      Totals:         0       0       0       0       0       0       0       0       0       0       0       0       0       0
Total ram usage:        0 bytes
 Hardware stack levels used:    1
 This function calls:
		Nothing
 This function is called by:
		_SYSTEM_Initialize
 This function uses a non-reentrant model


 *************** function _TIMER0_INT_Initialize *****************
 Defined at:
		line 74 in file "timer0Int.c"
 Parameters:    Size  Location     Type
		None
 Auto vars:     Size  Location     Type
		None
 Return value:  Size  Location     Type
                  1    wreg      void 
 Registers used:
		None
 Tracked objects:
		On entry : 
		On exit  : 
		Unchanged: 
 Data sizes:     COMMON   BANK0   BANK1   BANK2   BANK3   BANK4   BANK5   BANK6   BANK7   BANK8   BANK9  BANK10  BANK11  BANK12
      Params:         0       0       0       0       0       0       0       0       0       0       0       0       0       0
      Locals:         0       0       0       0       0       0       0       0       0       0       0       0       0       0
      Temps:          0       0       0       0       0       0       0       0       0       0       0       0       0       0
      Totals:         0       0       0       0       0       0       0       0       0       0       0       0       0       0
Total ram usage:        0 bytes
 Hardware stack levels used:    1
 This function calls:
		Nothing
 This function is called by:
		_SYSTEM_Initialize
 This function uses a non-reentrant model


 *************** function _PIN_MANAGER_Initialize *****************
 Defined at:
		line 53 in file "mcc_generated_files/pinManager.c"
 Parameters:    Size  Location     Type
		None
 Auto vars:     Size  Location     Type
  state           1    0[COMMON] _Bool 
 Return value:  Size  Location     Type
                  1    wreg      void 
 Registers used:
		wreg, status,2, status,0
 Tracked objects:
		On entry : 
		On exit  : 
		Unchanged: 
 Data sizes:     COMMON   BANK0   BANK1   BANK2   BANK3   BANK4   BANK5   BANK6   BANK7   BANK8   BANK9  BANK10  BANK11  BANK12
      Params:         0       0       0       0       0       0       0       0       0       0       0       0       0       0
      Locals:         1       0       0       0       0       0       0       0       0       0       0       0       0       0
      Temps:          0       0       0       0       0       0       0       0       0       0       0       0       0       0
      Totals:         1       0       0       0       0       0       0       0       0       0       0       0       0       0
Total ram usage:        1 bytes
 Hardware stack levels used:    1
 This function calls:
		Nothing
 This function is called by:
		_SYSTEM_Initialize
 This function uses a non-reentrant model


 *************** function _OSCILLATOR_Initialize *****************
 Defined at:
		line 85 in file "mcc_generated_files/mcc.c"
 Parameters:    Size  Location     Type
		None
 Auto vars:     Size  Location     Type
		None
 Return value:  Size  Location     Type
                  1    wreg      void 
 Registers used:
		wreg, status,2
 Tracked objects:
		On entry : 
		On exit  : 
		Unchanged: 
 Data sizes:     COMMON   BANK0   BANK1   BANK2   BANK3   BANK4   BANK5   BANK6   BANK7   BANK8   BANK9  BANK10  BANK11  BANK12
      Params:         0       0       0       0       0       0       0       0       0       0       0       0       0       0
      Locals:         0       0       0       0       0       0       0       0       0       0       0       0       0       0
      Temps:          0       0       0       0       0       0       0       0       0       0       0       0       0       0
      Totals:         0       0       0       0       0       0       0       0       0       0       0       0       0       0
Total ram usage:        0 bytes
 Hardware stack levels used:    1
 This function calls:
		Nothing
 This function is called by:
		_SYSTEM_Initialize
 This function uses a non-reentrant model


 *************** function _OPA2_Initialize *****************
 Defined at:
		line 58 in file "mcc_generated_files/opa2.c"
 Parameters:    Size  Location     Type
		None
 Auto vars:     Size  Location     Type
		None
 Return value:  Size  Location     Type
                  1    wreg      void 
 Registers used:
		None
 Tracked objects:
		On entry : 
		On exit  : 
		Unchanged: 
 Data sizes:     COMMON   BANK0   BANK1   BANK2   BANK3   BANK4   BANK5   BANK6   BANK7   BANK8   BANK9  BANK10  BANK11  BANK12
      Params:         0       0       0       0       0       0       0       0       0       0       0       0       0       0
      Locals:         0       0       0       0       0       0       0       0       0       0       0       0       0       0
      Temps:          0       0       0       0       0       0       0       0       0       0       0       0       0       0
      Totals:         0       0       0       0       0       0       0       0       0       0       0       0       0       0
Total ram usage:        0 bytes
 Hardware stack levels used:    1
 This function calls:
		Nothing
 This function is called by:
		_SYSTEM_Initialize
 This function uses a non-reentrant model


 *************** function _OPA1_Initialize *****************
 Defined at:
		line 58 in file "mcc_generated_files/opa1.c"
 Parameters:    Size  Location     Type
		None
 Auto vars:     Size  Location     Type
		None
 Return value:  Size  Location     Type
                  1    wreg      void 
 Registers used:
		None
 Tracked objects:
		On entry : 
		On exit  : 
		Unchanged: 
 Data sizes:     COMMON   BANK0   BANK1   BANK2   BANK3   BANK4   BANK5   BANK6   BANK7   BANK8   BANK9  BANK10  BANK11  BANK12
      Params:         0       0       0       0       0       0       0       0       0       0       0       0       0       0
      Locals:         0       0       0       0       0       0       0       0       0       0       0       0       0       0
      Temps:          0       0       0       0       0       0       0       0       0       0       0       0       0       0
      Totals:         0       0       0       0       0       0       0       0       0       0       0       0       0       0
Total ram usage:        0 bytes
 Hardware stack levels used:    1
 This function calls:
		Nothing
 This function is called by:
		_SYSTEM_Initialize
 This function uses a non-reentrant model


 *************** function _EXT_INT_Initialize *****************
 Defined at:
		line 91 in file "mcc_generated_files/extInt.c"
 Parameters:    Size  Location     Type
		None
 Auto vars:     Size  Location     Type
		None
 Return value:  Size  Location     Type
                  1    wreg      void 
 Registers used:
		wreg, status,2, status,0, pclath, cstack
 Tracked objects:
		On entry : 
		On exit  : 
		Unchanged: 
 Data sizes:     COMMON   BANK0   BANK1   BANK2   BANK3   BANK4   BANK5   BANK6   BANK7   BANK8   BANK9  BANK10  BANK11  BANK12
      Params:         0       0       0       0       0       0       0       0       0       0       0       0       0       0
      Locals:         0       0       0       0       0       0       0       0       0       0       0       0       0       0
      Temps:          0       0       0       0       0       0       0       0       0       0       0       0       0       0
      Totals:         0       0       0       0       0       0       0       0       0       0       0       0       0       0
Total ram usage:        0 bytes
 Hardware stack levels used:    1
 Hardware stack levels required when called:    1
 This function calls:
		_INT_SetInterruptHandler
 This function is called by:
		_SYSTEM_Initialize
 This function uses a non-reentrant model


 *************** function _INT_SetInterruptHandler *****************
 Defined at:
		line 71 in file "mcc_generated_files/extInt.c"
 Parameters:    Size  Location     Type
  InterruptHan    1    wreg     PTR void 
 Auto vars:     Size  Location     Type
  InterruptHan    1    2[COMMON] PTR void 
 Return value:  Size  Location     Type
                  1    wreg      void 
 Registers used:
		wreg
 Tracked objects:
		On entry : 
		On exit  : 
		Unchanged: 
 Data sizes:     COMMON   BANK0   BANK1   BANK2   BANK3   BANK4   BANK5   BANK6   BANK7   BANK8   BANK9  BANK10  BANK11  BANK12
      Params:         0       0       0       0       0       0       0       0       0       0       0       0       0       0
      Locals:         1       0       0       0       0       0       0       0       0       0       0       0       0       0
      Temps:          2       0       0       0       0       0       0       0       0       0       0       0       0       0
      Totals:         3       0       0       0       0       0       0       0       0       0       0       0       0       0
Total ram usage:        3 bytes
 Hardware stack levels used:    1
 This function calls:
		Nothing
 This function is called by:
		_EXT_INT_Initialize
 This function uses a non-reentrant model


 *************** function _ADC_Initialize *****************
 Defined at:
		line 65 in file "mcc_generated_files/adc.c"
 Parameters:    Size  Location     Type
		None
 Auto vars:     Size  Location     Type
		None
 Return value:  Size  Location     Type
                  1    wreg      void 
 Registers used:
		wreg, status,2
 Tracked objects:
		On entry : 
		On exit  : 
		Unchanged: 
 Data sizes:     COMMON   BANK0   BANK1   BANK2   BANK3   BANK4   BANK5   BANK6   BANK7   BANK8   BANK9  BANK10  BANK11  BANK12
      Params:         0       0       0       0       0       0       0       0       0       0       0       0       0       0
      Locals:         0       0       0       0       0       0       0       0       0       0       0       0       0       0
      Temps:          0       0       0       0       0       0       0       0       0       0       0       0       0       0
      Totals:         0       0       0       0       0       0       0       0       0       0       0       0       0       0
Total ram usage:        0 bytes
 Hardware stack levels used:    1
 This function calls:
		Nothing
 This function is called by:
		_SYSTEM_Initialize
 This function uses a non-reentrant model


 *************** function _ADC_GetConversion *****************
 Defined at:
		line 118 in file "mcc_generated_files/adc.c"
 Parameters:    Size  Location     Type
  channel         1    wreg     enum E4381
 Auto vars:     Size  Location     Type
  channel         1    3[COMMON] enum E4381
 Return value:  Size  Location     Type
                  2    0[COMMON] unsigned short 
 Registers used:
		wreg, status,2, status,0
 Tracked objects:
		On entry : 
		On exit  : 
		Unchanged: 
 Data sizes:     COMMON   BANK0   BANK1   BANK2   BANK3   BANK4   BANK5   BANK6   BANK7   BANK8   BANK9  BANK10  BANK11  BANK12
      Params:         2       0       0       0       0       0       0       0       0       0       0       0       0       0
      Locals:         1       0       0       0       0       0       0       0       0       0       0       0       0       0
      Temps:          1       0       0       0       0       0       0       0       0       0       0       0       0       0
      Totals:         4       0       0       0       0       0       0       0       0       0       0       0       0       0
Total ram usage:        4 bytes
 Hardware stack levels used:    1
 This function calls:
		Nothing
 This function is called by:
		_main
 This function uses a non-reentrant model



MODULE INFORMATION

Module		Function		Class		Link	Load	Size
mcc_generated_files/opa2.c
		_OPA2_Initialize		CODE           	064E	0000	8

mcc_generated_files/opa2.c estimated size: 8

timer0Int.c
		_TIMER0_INT_Initialize		CODE           	0664	0000	10

timer0Int.c estimated size: 10

mcc_generated_files/extInt.c
		_EXT_INT_Initialize		CODE           	065C	0000	9
		_INT_SetInterruptHandler		CODE           	0678	0000	12

mcc_generated_files/extInt.c estimated size: 21

mcc_generated_files/pinManager.c
		_PIN_MANAGER_Initialize		CODE           	06E8	0000	69

mcc_generated_files/pinManager.c estimated size: 69

mcc_generated_files/adc.c
		_ADC_Initialize		CODE           	066D	0000	12
		_ADC_GetConversion		CODE           	069B	0000	26

mcc_generated_files/adc.c estimated size: 38

mcc_generated_files/opa1.c
		_OPA1_Initialize		CODE           	0647	0000	8

mcc_generated_files/opa1.c estimated size: 8

shared
		__initialization		CODE           	07F2	0000	12

shared estimated size: 12

/opt/microchip/xc8/v2.05/pic/sources/c99/common/lwdiv.c
		___lwdiv       		CODE           	06B4	0000	53

/opt/microchip/xc8/v2.05/pic/sources/c99/common/lwdiv.c estimated size: 53

mcc_generated_files/mcc.c
		_WDT_Initialize		CODE           	0637	0000	5
		_OSCILLATOR_Initialize		CODE           	063B	0000	7
		_SYSTEM_Initialize		CODE           	0683	0000	25

mcc_generated_files/mcc.c estimated size: 37

main.c
		_main          		CODE           	072C	0000	199
		_pinInit       		CODE           	0655	0000	8

main.c estimated size: 207

